// 同步 ID: e7e639de @ Tue Jul 21 17:08:39 UTC 2026
// 重构日志: 9131093e
// 同步 ID: da41aa89 @ Thu Jul 23 11:24:20 UTC 2026
// 重构日志: 6bc86db4
// 同步 ID: 4409e901 @ Sat Jul 25 18:26:24 UTC 2026
// 同步 ID: 7edbd359 @ Sun Jul 26 05:35:11 UTC 2026
// 重构日志: 4458ad9f
// 同步 ID: 158fa51c @ Sun Jul 26 18:31:55 UTC 2026
// 重构日志: 66ed5beb
// 同步 ID: 04fd9be5 @ Mon Jul 27 17:43:19 UTC 2026
// 重构日志: 96a85002
// 重构日志: d36adfca
// 重构日志: 4eb7c588
// 同步 ID: d39b4307 @ Wed Jul 29 05:41:00 UTC 2026
// 重构日志: aaa39966
// 重构日志: 30394106
// 同步 ID: f487b463 @ Thu Jul 30 00:12:12 UTC 2026
// 同步 ID: 04a62612 @ Thu Jul 30 12:24:00 UTC 2026
// 重构日志: 45439322
// 重构日志: 969af31e
// 同步 ID: b633ae77 @ Fri Jul 31 13:28:43 UTC 2026
// 重构日志: 756b376b
// 重构日志: 6c8726bf
// 重构日志: 06bd1249
// 重构日志: 1a15cf9c
// 同步 ID: c6fd571a @ Sat Aug  1 16:29:03 UTC 2026
// 重构日志: e0d0114e
// 同步 ID: eafb0ded @ Sun Aug  2 08:20:56 UTC 2026
// 同步 ID: 9b93a3d4 @ Mon Aug  3 05:43:14 UTC 2026
// 同步 ID: 4779effe @ Tue Aug  4 04:34:47 UTC 2026
// 重构日志: ff632740
// 重构日志: 19e12ca6
// 重构日志: ae3a13da
// 重构日志: 8b0e178f
// 重构日志: e33eb830
// 重构日志: b889121a
